../Core/Src/main.c:100:6:I2C1_ClearBusyFlagErratum	48	static,ignoring_inline_asm
../Core/Src/main.c:220:6:fill_buffer	32	static
../Core/Src/main.c:240:6:transmit	32	static
../Core/Src/main.c:275:5:main	32	static
../Core/Src/main.c:405:6:SystemClock_Config	160	static
../Core/Src/main.c:455:13:MX_I2C1_Init	8	static
../Core/Src/main.c:503:13:MX_USART1_UART_Init	8	static
../Core/Src/main.c:538:13:MX_USART2_UART_Init	8	static
../Core/Src/main.c:573:13:MX_GPIO_Init	48	static
../Core/Src/main.c:613:6:Error_Handler	4	static,ignoring_inline_asm
